src/routes/allowance-payments.ts(126,30): error TS7006: Parameter 'row' implicitly has an 'any' type.
src/routes/employees.ts(43,19): error TS2551: Property 'department_id' does not exist on type '{ id: string; orgDepartmentId: string | null; departmentId: string | null; }'. Did you mean 'departmentId'?
src/routes/employees.ts(44,39): error TS2551: Property 'department_id' does not exist on type '{ id: string; orgDepartmentId: string | null; departmentId: string | null; }'. Did you mean 'departmentId'?
src/routes/employees.ts(48,19): error TS2551: Property 'org_department_id' does not exist on type '{ id: string; orgDepartmentId: string | null; departmentId: string | null; }'. Did you mean 'orgDepartmentId'?
src/routes/employees.ts(49,42): error TS2551: Property 'org_department_id' does not exist on type '{ id: string; orgDepartmentId: string | null; departmentId: string | null; }'. Did you mean 'orgDepartmentId'?
src/routes/fixed-assets.ts(63,33): error TS2551: Property 'department_id' does not exist on type 'Employee'. Did you mean 'departmentId'?
src/routes/my.ts(246,3): error TS2345: Argument of type '(c: Context<{ Bindings: Env; Variables: AppVariables; }, "/my/dashboard", {}>) => Promise<JSONRespondReturn<{ employee: { id: string | undefined; name: string | null | undefined; email: string | undefined; position: string | ... 1 more ... | undefined; department: string | ... 1 more ... | undefined; orgDepartment: ...' is not assignable to parameter of type 'Handler<{ Bindings: Env; Variables: AppVariables; }, "/my/dashboard", {}, MaybePromise<TypedResponse<{ employee: { email?: string | undefined; id?: string | undefined; name?: string | undefined; position?: string | ... 1 more ... | undefined; department?: string | ... 1 more ... | undefined; orgDepartment?: string |...'.
  Type 'Promise<JSONRespondReturn<{ employee: { id: string | undefined; name: string | null | undefined; email: string | undefined; position: string | null | undefined; department: string | null | undefined; orgDepartment: string | ... 1 more ... | undefined; }; stats: { ...; }; recentApplications: { ...; }[]; }, 200>>' is not assignable to type 'MaybePromise<TypedResponse<{ employee: { email?: string | undefined; id?: string | undefined; name?: string | undefined; position?: string | null | undefined; department?: string | null | undefined; orgDepartment?: string | ... 1 more ... | undefined; }; stats: { ...; }; recentApplications: { ...; }[]; }, 200, "json...'.
    Type 'Promise<JSONRespondReturn<{ employee: { id: string | undefined; name: string | null | undefined; email: string | undefined; position: string | null | undefined; department: string | null | undefined; orgDepartment: string | ... 1 more ... | undefined; }; stats: { ...; }; recentApplications: { ...; }[]; }, 200>>' is not assignable to type 'Promise<TypedResponse<{ employee: { email?: string | undefined; id?: string | undefined; name?: string | undefined; position?: string | null | undefined; department?: string | null | undefined; orgDepartment?: string | ... 1 more ... | undefined; }; stats: { ...; }; recentApplications: { ...; }[]; }, 200, "json">>'.
      Type 'JSONRespondReturn<{ employee: { id: string | undefined; name: string | null | undefined; email: string | undefined; position: string | null | undefined; department: string | null | undefined; orgDepartment: string | ... 1 more ... | undefined; }; stats: { ...; }; recentApplications: { ...; }[]; }, 200>' is not assignable to type 'TypedResponse<{ employee: { email?: string | undefined; id?: string | undefined; name?: string | undefined; position?: string | null | undefined; department?: string | null | undefined; orgDepartment?: string | ... 1 more ... | undefined; }; stats: { ...; }; recentApplications: { ...; }[]; }, 200, "json">'.
        The types of '_data.employee.name' are incompatible between these types.
          Type 'string | null | undefined' is not assignable to type 'string | undefined'.
            Type 'null' is not assignable to type 'string | undefined'.
src/routes/my.ts(560,3): error TS2345: Argument of type '(c: Context<{ Bindings: Env; Variables: AppVariables; }, "/my/profile", {}>) => Promise<JSONRespondReturn<{ id: string; name: string | null; email: string; phone: string | null; ... 7 more ...; status: string | null; } | null, 200>>' is not assignable to parameter of type 'Handler<{ Bindings: Env; Variables: AppVariables; }, "/my/profile", {}, MaybePromise<TypedResponse<{ email: string; id: string; name: string; status: string | null; phone: string | null; emergencyContact: string | null; ... 13 more ...; contractEndDate?: string | ... 1 more ... | undefined; } | null, 200, "json">>>'.
  Type 'Promise<JSONRespondReturn<{ id: string; name: string | null; email: string; phone: string | null; position: string | null; positionCode: string | null; department: string | null; orgDepartment: string | null; entryDate: string | null; emergencyContact: string | null; emergencyPhone: string | null; status: string | n...' is not assignable to type 'MaybePromise<TypedResponse<{ email: string; id: string; name: string; status: string | null; phone: string | null; emergencyContact: string | null; emergencyPhone: string | null; entryDate: string | null; ... 11 more ...; contractEndDate?: string | ... 1 more ... | undefined; } | null, 200, "json">>'.
    Type 'Promise<JSONRespondReturn<{ id: string; name: string | null; email: string; phone: string | null; position: string | null; positionCode: string | null; department: string | null; orgDepartment: string | null; entryDate: string | null; emergencyContact: string | null; emergencyPhone: string | null; status: string | n...' is not assignable to type 'Promise<TypedResponse<{ email: string; id: string; name: string; status: string | null; phone: string | null; emergencyContact: string | null; emergencyPhone: string | null; entryDate: string | null; ... 11 more ...; contractEndDate?: string | ... 1 more ... | undefined; } | null, 200, "json">>'.
      Type 'JSONRespondReturn<{ id: string; name: string | null; email: string; phone: string | null; position: string | null; positionCode: string | null; department: string | null; orgDepartment: string | null; entryDate: string | null; emergencyContact: string | null; emergencyPhone: string | null; status: string | null; } |...' is not assignable to type 'TypedResponse<{ email: string; id: string; name: string; status: string | null; phone: string | null; emergencyContact: string | null; emergencyPhone: string | null; entryDate: string | null; ... 11 more ...; contractEndDate?: string | ... 1 more ... | undefined; } | null, 200, "json">'.
        Types of property '_data' are incompatible.
          Type '{ id: string; name: string | null; email: string; phone: string | null; position: string | null; positionCode: string | null; department: string | null; orgDepartment: string | null; entryDate: string | null; emergencyContact: string | null; emergencyPhone: string | null; status: string | null; } | null' is not assignable to type '{ email: string; id: string; name: string; status: string | null; phone: string | null; emergencyContact: string | null; emergencyPhone: string | null; entryDate: string | null; workSchedule?: any; ... 10 more ...; contractEndDate?: string | ... 1 more ... | undefined; } | null'.
            Type '{ id: string; name: string | null; email: string; phone: string | null; position: string | null; positionCode: string | null; department: string | null; orgDepartment: string | null; entryDate: string | null; emergencyContact: string | null; emergencyPhone: string | null; status: string | null; }' is not assignable to type '{ email: string; id: string; name: string; status: string | null; phone: string | null; emergencyContact: string | null; emergencyPhone: string | null; entryDate: string | null; workSchedule?: any; ... 10 more ...; contractEndDate?: string | ... 1 more ... | undefined; }'.
              Types of property 'name' are incompatible.
                Type 'string | null' is not assignable to type 'string'.
                  Type 'null' is not assignable to type 'string'.
src/routes/rental.ts(275,43): error TS2345: Argument of type '(c: Context<{ Bindings: Env; Variables: AppVariables; }, "/rental-properties", { in: { json: any; }; out: { json: any; }; }>) => Promise<JSONRespondReturn<{ id: any; property_code: any; }, 200>>' is not assignable to parameter of type 'Handler<{ Bindings: Env; Variables: AppVariables; }, "/rental-properties", { in: { json: any; }; out: { json: any; }; }, MaybePromise<TypedResponse<{ id: string; propertyCode: string; }, 200, "json">>>'.
  Type 'Promise<JSONRespondReturn<{ id: any; property_code: any; }, 200>>' is not assignable to type 'MaybePromise<TypedResponse<{ id: string; propertyCode: string; }, 200, "json">>'.
    Type 'Promise<JSONRespondReturn<{ id: any; property_code: any; }, 200>>' is not assignable to type 'Promise<TypedResponse<{ id: string; propertyCode: string; }, 200, "json">>'.
      Type 'JSONRespondReturn<{ id: any; property_code: any; }, 200>' is not assignable to type 'TypedResponse<{ id: string; propertyCode: string; }, 200, "json">'.
        Types of property '_data' are incompatible.
          Property 'propertyCode' is missing in type '{ id: any; property_code: any; }' but required in type '{ id: string; propertyCode: string; }'.
src/routes/rental.ts(493,42): error TS2345: Argument of type '(c: Context<{ Bindings: Env; Variables: AppVariables; }, "/rental-payments", { in: { json: any; }; out: { json: any; }; }>) => Promise<JSONRespondReturn<{ id: any; flow_id: any; voucher_no: any; }, 200>>' is not assignable to parameter of type 'Handler<{ Bindings: Env; Variables: AppVariables; }, "/rental-payments", { in: { json: any; }; out: { json: any; }; }, MaybePromise<TypedResponse<{ id: string; voucherNo: string; flowId: string; }, 200, "json">>>'.
  Type 'Promise<JSONRespondReturn<{ id: any; flow_id: any; voucher_no: any; }, 200>>' is not assignable to type 'MaybePromise<TypedResponse<{ id: string; voucherNo: string; flowId: string; }, 200, "json">>'.
    Type 'Promise<JSONRespondReturn<{ id: any; flow_id: any; voucher_no: any; }, 200>>' is not assignable to type 'Promise<TypedResponse<{ id: string; voucherNo: string; flowId: string; }, 200, "json">>'.
      Type 'JSONRespondReturn<{ id: any; flow_id: any; voucher_no: any; }, 200>' is not assignable to type 'TypedResponse<{ id: string; voucherNo: string; flowId: string; }, 200, "json">'.
        Types of property '_data' are incompatible.
          Type '{ id: any; flow_id: any; voucher_no: any; }' is missing the following properties from type '{ id: string; voucherNo: string; flowId: string; }': voucherNo, flowId
src/routes/reports.ts(29,38): error TS2551: Property 'department_id' does not exist on type '{ id: string; orgDepartmentId: string | null; departmentId: string | null; }'. Did you mean 'departmentId'?
src/routes/reports.ts(136,49): error TS2551: Property 'department_id' does not exist on type '{ id: string; orgDepartmentId: string | null; departmentId: string | null; }'. Did you mean 'departmentId'?
src/routes/reports.ts(545,21): error TS2551: Property 'org_department_id' does not exist on type '{ id: string; orgDepartmentId: string | null; departmentId: string | null; }'. Did you mean 'orgDepartmentId'?
src/routes/reports.ts(546,59): error TS2551: Property 'org_department_id' does not exist on type '{ id: string; orgDepartmentId: string | null; departmentId: string | null; }'. Did you mean 'orgDepartmentId'?
src/routes/reports.ts(549,35): error TS2551: Property 'org_department_id' does not exist on type '{ id: string; orgDepartmentId: string | null; departmentId: string | null; }'. Did you mean 'orgDepartmentId'?
src/routes/salary-payments.ts(284,78): error TS2345: Argument of type 'string | undefined' is not assignable to parameter of type 'string'.
  Type 'undefined' is not assignable to type 'string'.
src/routes/salary-payments.ts(316,77): error TS2345: Argument of type 'string | undefined' is not assignable to parameter of type 'string'.
  Type 'undefined' is not assignable to type 'string'.
src/routes/site-bills.ts(90,3): error TS2345: Argument of type '(c: Context<{ Bindings: Env; Variables: AppVariables; }, "/site-bills", { in: { query: { status?: string | undefined; siteId?: string | undefined; startDate?: string | undefined; endDate?: string | undefined; billType?: string | undefined; }; }; out: { ...; }; }>) => Promise<...>' is not assignable to parameter of type 'Handler<{ Bindings: Env; Variables: AppVariables; }, "/site-bills", { in: { query: { status?: string | undefined; siteId?: string | undefined; startDate?: string | undefined; endDate?: string | undefined; billType?: string | undefined; }; }; out: { ...; }; }, MaybePromise<...>>'.
  Type 'Promise<JSONRespondReturn<{ results: { id: string; siteId: string; billDate: string; billType: string; amountCents: number; currency: string; description: string | null; accountId: string | null; categoryId: string | null; ... 11 more ...; creator_name: string | null; }[]; }, 200> | JSONRespondReturn<...>>' is not assignable to type 'MaybePromise<TypedResponse<{ results: { id: string; description: string | null; updatedAt: number | null; status: string; memo: string | null; createdAt: number | null; currency: string; amountCents: number; accountId: string | null; ... 11 more ...; creatorName: string | null; }[]; }, 200, "json">>'.
    Type 'Promise<JSONRespondReturn<{ results: { id: string; siteId: string; billDate: string; billType: string; amountCents: number; currency: string; description: string | null; accountId: string | null; categoryId: string | null; ... 11 more ...; creator_name: string | null; }[]; }, 200> | JSONRespondReturn<...>>' is not assignable to type 'Promise<TypedResponse<{ results: { id: string; description: string | null; updatedAt: number | null; status: string; memo: string | null; createdAt: number | null; currency: string; amountCents: number; accountId: string | null; ... 11 more ...; creatorName: string | null; }[]; }, 200, "json">>'.
      Type 'JSONRespondReturn<{ results: { id: string; siteId: string; billDate: string; billType: string; amountCents: number; currency: string; description: string | null; accountId: string | null; categoryId: string | null; ... 11 more ...; creator_name: string | null; }[]; }, 200> | JSONRespondReturn<...>' is not assignable to type 'TypedResponse<{ results: { id: string; description: string | null; updatedAt: number | null; status: string; memo: string | null; createdAt: number | null; currency: string; amountCents: number; accountId: string | null; ... 11 more ...; creatorName: string | null; }[]; }, 200, "json">'.
        Type 'JSONRespondReturn<{ results: { id: string; siteId: string; billDate: string; billType: string; amountCents: number; currency: string; description: string | null; accountId: string | null; categoryId: string | null; ... 11 more ...; creator_name: string | null; }[]; }, 200>' is not assignable to type 'TypedResponse<{ results: { id: string; description: string | null; updatedAt: number | null; status: string; memo: string | null; createdAt: number | null; currency: string; amountCents: number; accountId: string | null; ... 11 more ...; creatorName: string | null; }[]; }, 200, "json">'.
          The types of '_data.results' are incompatible between these types.
            Type '{ id: string; siteId: string; billDate: string; billType: string; amountCents: number; currency: string; description: string | null; accountId: string | null; categoryId: string | null; status: string | null; ... 10 more ...; creator_name: string | null; }[]' is not assignable to type '{ id: string; description: string | null; updatedAt: number | null; status: string; memo: string | null; createdAt: number | null; currency: string; amountCents: number; accountId: string | null; ... 11 more ...; creatorName: string | null; }[]'.
              Type '{ id: string; siteId: string; billDate: string; billType: string; amountCents: number; currency: string; description: string | null; accountId: string | null; categoryId: string | null; status: string | null; ... 10 more ...; creator_name: string | null; }' is missing the following properties from type '{ id: string; description: string | null; updatedAt: number | null; status: string; memo: string | null; createdAt: number | null; currency: string; amountCents: number; accountId: string | null; ... 11 more ...; creatorName: string | null; }': siteCode, accountName, categoryName, siteName, and 2 more.
src/routes/site-bills.ts(258,13): error TS18047: 'created' is possibly 'null'.
src/routes/site-bills.ts(259,17): error TS18047: 'created' is possibly 'null'.
src/routes/site-bills.ts(260,19): error TS18047: 'created' is possibly 'null'.
src/routes/site-bills.ts(261,19): error TS18047: 'created' is possibly 'null'.
src/routes/site-bills.ts(262,22): error TS18047: 'created' is possibly 'null'.
src/routes/site-bills.ts(263,19): error TS18047: 'created' is possibly 'null'.
src/routes/site-bills.ts(264,22): error TS18047: 'created' is possibly 'null'.
src/routes/site-bills.ts(265,20): error TS18047: 'created' is possibly 'null'.
src/routes/site-bills.ts(266,21): error TS18047: 'created' is possibly 'null'.
src/routes/site-bills.ts(267,17): error TS18047: 'created' is possibly 'null'.
src/routes/site-bills.ts(268,22): error TS18047: 'created' is possibly 'null'.
src/routes/site-bills.ts(269,15): error TS18047: 'created' is possibly 'null'.
src/routes/site-bills.ts(270,20): error TS18047: 'created' is possibly 'null'.
src/routes/site-bills.ts(271,20): error TS18047: 'created' is possibly 'null'.
src/routes/site-bills.ts(272,20): error TS18047: 'created' is possibly 'null'.
src/routes/site-bills.ts(273,20): error TS18047: 'created' is possibly 'null'.
src/routes/site-bills.ts(274,20): error TS18047: 'created' is possibly 'null'.
src/routes/site-bills.ts(275,23): error TS18047: 'created' is possibly 'null'.
src/routes/site-bills.ts(276,24): error TS18047: 'created' is possibly 'null'.
src/routes/site-bills.ts(277,24): error TS18047: 'created' is possibly 'null'.
src/routes/site-bills.ts(278,23): error TS18047: 'created' is possibly 'null'.
src/routes/site-bills.ts(283,17): error TS2552: Cannot find name 'body'. Did you mean 'Body'?
src/routes/site-bills.ts(284,19): error TS2552: Cannot find name 'body'. Did you mean 'Body'?
src/routes/site-bills.ts(285,19): error TS2552: Cannot find name 'body'. Did you mean 'Body'?
src/routes/site-bills.ts(286,22): error TS2552: Cannot find name 'body'. Did you mean 'Body'?
src/routes/site-bills.ts(287,19): error TS2552: Cannot find name 'body'. Did you mean 'Body'?
src/routes/site-bills.ts(288,17): error TS2552: Cannot find name 'body'. Did you mean 'Body'?
src/services/AuthService.ts(213,58): error TS2345: Argument of type 'string | null' is not assignable to parameter of type 'string'.
  Type 'null' is not assignable to type 'string'.
src/services/AuthService.ts(379,56): error TS2345: Argument of type 'string | null' is not assignable to parameter of type 'string'.
  Type 'null' is not assignable to type 'string'.
test/routes/ip-whitelist.test.ts(3,10): error TS2724: '"../../src/routes/ip-whitelist.js"' has no exported member named 'ip_whitelistRoutes'. Did you mean 'ipWhitelistRoutes'?
